OG0000033
OG0000034
OG0000036
OG0000037
OG0000038
OG0000040
OG0000041
OG0000042
OG0000043
OG0000044
OG0000045
OG0000046
OG0000047
OG0000048
OG0000049
OG0000050
OG0000051
OG0000052
OG0000053
OG0000054
OG0000055
OG0000056
OG0000057
OG0000058
OG0000059
OG0000060
OG0000061
OG0000062
OG0000063
OG0000064
OG0000065
OG0000066
OG0000067
OG0000068
OG0000069
OG0000070
OG0000071
OG0000072
OG0000073
OG0000074
OG0000075
OG0000076
OG0000077
OG0000078
OG0000079
OG0000080
OG0000081
OG0000082
OG0000083
OG0000084
OG0000085
OG0000086
OG0000087
OG0000088
OG0000089
OG0000090
OG0000091
OG0000092
OG0000093
OG0000094
OG0000095
OG0000096
OG0000097
OG0000098
OG0000099
OG0000100
OG0000101
OG0000102
OG0000103
OG0000104
OG0000105
OG0000106
OG0000107
OG0000108
OG0000109
OG0000110
OG0000111
OG0000112
OG0000113
OG0000114
OG0000115
OG0000116
OG0000120
OG0000121
OG0000122
OG0000123
OG0000124
OG0000125
OG0000126
OG0000127
OG0000128
OG0000129
OG0000130
OG0000131
OG0000132
OG0000133
OG0000134
OG0000135
OG0000136
OG0000137
OG0000138
OG0000139
OG0000140
OG0000141
OG0000142
OG0000143
OG0000144
OG0000145
OG0000146
OG0000147
OG0000148
OG0000149
OG0000150
OG0000151
OG0000152
OG0000153
OG0000154
OG0000155
OG0000156
OG0000157
OG0000158
OG0000159
OG0000160
OG0000161
OG0000162
OG0000163
OG0000164
OG0000165
OG0000166
OG0000167
OG0000168
OG0000169
OG0000170
OG0000171
OG0000172
OG0000173
OG0000174
OG0000175
OG0000176
OG0000177
OG0000178
OG0000179
OG0000180
OG0000181
OG0000182
OG0000183
OG0000184
OG0000185
OG0000186
OG0000187
OG0000188
OG0000189
OG0000190
OG0000191
OG0000192
OG0000193
OG0000194
OG0000195
OG0000196
OG0000197
OG0000198
OG0000200
OG0000201
OG0000202
OG0000203
OG0000204
OG0000205
OG0000206
OG0000207
OG0000208
OG0000209
OG0000210
OG0000211
OG0000212
OG0000213
OG0000214
OG0000215
OG0000216
OG0000217
OG0000218
OG0000219
OG0000220
OG0000221
OG0000222
OG0000223
OG0000224
OG0000225
OG0000226
OG0000227
OG0000228
OG0000229
OG0000230
OG0000231
OG0000232
OG0000233
OG0000234
OG0000235
OG0000236
OG0000237
OG0000238
OG0000239
OG0000241
OG0000242
OG0000243
OG0000244
OG0000245
OG0000246
OG0000247
OG0000248
OG0000249
OG0000250
OG0000251
OG0000252
OG0000254
OG0000255
OG0000256
OG0000257
OG0000258
OG0000259
OG0000260
OG0000261
OG0000262
OG0000263
OG0000264
OG0000265
OG0000266
OG0000267
OG0000268
OG0000269
OG0000270
OG0000271
OG0000272
OG0000273
OG0000274
OG0000275
OG0000276
OG0000277
OG0000278
OG0000279
OG0000280
OG0000281
OG0000282
OG0000283
OG0000284
OG0000285
OG0000286
OG0000287
OG0000288
OG0000289
OG0000290
OG0000292
OG0000293
OG0000294
OG0000295
OG0000296
OG0000297
OG0000298